src/pages/smart-crop-config/index.tsx(1,27): error TS7016: Could not find a declaration file for module 'lodash'. 'C:/Users/Sarthak/src/github/pico-web-application/node_modules/lodash/lodash.js' implicitly has an 'any' type.
  Try `npm i --save-dev @types/lodash` if it exists or add a new declaration (.d.ts) file containing `declare module 'lodash';`
src/ui-components/components/smart-crop-config/leftpanel/position/crop-position.tsx(20,9): error TS2322: Type '{ addonBefore: string; addonAfter: string; type: string; value: number; onChange: (e: ChangeEvent<HTMLInputElement>) => void; customizeClassName: string; }' is not assignable to type 'IntrinsicAttributes & InputProps & RefAttributes<Input>'.
  Property 'addonBefore' does not exist on type 'IntrinsicAttributes & InputProps & RefAttributes<Input>'.
src/ui-components/components/smart-crop-config/modal/Coordinates.ts(1,25): error TS7016: Could not find a declaration file for module 'lodash'. 'C:/Users/Sarthak/src/github/pico-web-application/node_modules/lodash/lodash.js' implicitly has an 'any' type.
  Try `npm i --save-dev @types/lodash` if it exists or add a new declaration (.d.ts) file containing `declare module 'lodash';`
src/ui-components/components/smart-crop-config/rightpanel/multi-crop/multi-crop.tsx(2,24): error TS2307: Cannot find module 'react-multi-crops' or its corresponding type declarations.
